<html>
<body>
<pre>
<h1>µVision Build Log</h1>
<h2>Tool Versions:</h2>
IDE-Version: µVision V5.17.0.0
Copyright (C) 2015 ARM Ltd and ARM Germany GmbH. All rights reserved.
License Information: c b, aasd, LIC=MPP74-FWYZB-CJS6Z-J6QRK-86HJ0-55QNK
 
Tool Versions:
Toolchain:       MDK-ARM Standard  Version: 5.17
Toolchain Path:  C:\Keil_v5\ARM\ARMCC\Bin
C Compiler:      Armcc.exe V5.06 update 1 (build 61)
Assembler:       Armasm.exe V5.06 update 1 (build 61)
Linker/Locator:  ArmLink.exe V5.06 update 1 (build 61)
Library Manager: ArmAr.exe V5.06 update 1 (build 61)
Hex Converter:   FromElf.exe V5.06 update 1 (build 61)
CPU DLL:         SARMCM3.DLL V5.17
Dialog DLL:      DCM.DLL V1.13.4.0
Target DLL:      CMSIS_AGDI.dll V1.23.1.0
Dialog DLL:      TCM.DLL V1.14.6.0
 
<h2>Project:</h2>
C:\Users\Cameron\Google Drive\SES Assignment\mbed_example\mbed_example.uvprojx
Project File Date:  10/21/2015

<h2>Output:</h2>
*** Using Compiler 'V5.06 update 1 (build 61)', folder: 'C:\Keil_v5\ARM\ARMCC\Bin'
Build Project 'mbed_example' - Target 'NXP LPC4088'
compiling main.cpp...
assembling startup_LPC407x_8x_177x_8x.S...
compiling cmsis_nvic.c...
compiling system_LPC407x_8x_177x_8x.c...
compiling sys.cpp...
compiling sys_helper.cpp...
linking...
C:\Users\Cameron\Google Drive\SES Assignment\mbed_nxp_lpc408x\targets\cmsis\TARGET_NXP\TARGET_LPC408X\TOOLCHAIN_ARM_STD\LPC407X_8X.sct(28): warning: L6314W: No section matches pattern *.o(SPIFI_MEM).
Program Size: Code=29560 RO-data=4144 RW-data=148 ZI-data=1568  
Finished: 0 information, 1 warning and 0 error messages.
".\Objects\mbed_example.axf" - 0 Error(s), 1 Warning(s).

<h2>Collection of Component include folders:</h2>
  C:\Users\Cameron\Google Drive\SES Assignment\mbed_example\RTE
  C:\Keil_v5\ARM\PACK\Keil\LPC4000_DFP\1.1.0\Device\Include

<h2>Collection of Component Files used:</h2>
Build Time Elapsed:  00:00:08
</pre>
</body>
</html>
